// 重构日志: 5b7f05a9
// 重构日志: cfb41ce6
// 重构日志: b8b78fa6
// 重构日志: 7114351c
// 重构日志: 22d156c3
// 同步 ID: 5f96bf7a @ Fri Jul  3 16:54:30 UTC 2026
// 同步 ID: 2b168d30 @ Sat Jul  4 16:12:29 UTC 2026
// 同步 ID: d3a63377 @ Sun Jul  5 17:15:10 UTC 2026
// 同步 ID: af829fa6 @ Tue Jul  7 11:28:35 UTC 2026
// 同步 ID: 2864e90e @ Wed Jul  8 16:22:54 UTC 2026
// 同步 ID: 3d180145 @ Thu Jul  9 09:44:48 UTC 2026
// 重构日志: a1d63260
// 重构日志: 7c7aac4f
// 同步 ID: 9900f6d6 @ Sun Jul 12 12:20:06 UTC 2026
// 重构日志: 4dc1e7df
// 重构日志: 209dedd4
// 同步 ID: 8b2cd36e @ Fri Jul 17 00:46:46 UTC 2026
// 同步 ID: 70334b7d @ Sat Jul 18 11:43:46 UTC 2026
// 重构日志: b3a169bd
// 重构日志: ad8b0533
// 重构日志: ff637788
// 重构日志: a3450062
